app/backup/index.tsx(10,32): error TS2339: Property 'documentDirectory' does not exist on type 'typeof import("C:/Users/charl/Desktop/proyectos/gym-tracker/node_modules/expo-file-system/build/index")'.
app/exercises/new.tsx(14,5): error TS2322: Type 'Resolver<{ name: string; primary_muscle_group: string; equipment_type: string; is_unilateral?: boolean | undefined; notes?: string | undefined; }, any, { name: string; primary_muscle_group: string; equipment_type: string; is_unilateral: boolean; notes?: string | undefined; }>' is not assignable to type 'Resolver<{ name: string; primary_muscle_group: string; equipment_type: string; is_unilateral: boolean; notes?: string | undefined; }, any, { name: string; primary_muscle_group: string; equipment_type: string; is_unilateral: boolean; notes?: string | undefined; }>'.
  Types of parameters 'options' and 'options' are incompatible.
    Type 'ResolverOptions<{ name: string; primary_muscle_group: string; equipment_type: string; is_unilateral: boolean; notes?: string | undefined; }>' is not assignable to type 'ResolverOptions<{ name: string; primary_muscle_group: string; equipment_type: string; is_unilateral?: boolean | undefined; notes?: string | undefined; }>'.
      Type 'boolean | undefined' is not assignable to type 'boolean'.
        Type 'undefined' is not assignable to type 'boolean'.
app/exercises/new.tsx(81,65): error TS2345: Argument of type '(data: ExerciseFormData) => Promise<void>' is not assignable to parameter of type 'SubmitHandler<TFieldValues>'.
  Types of parameters 'data' and 'data' are incompatible.
    Type 'TFieldValues' is not assignable to type '{ name: string; primary_muscle_group: string; equipment_type: string; is_unilateral: boolean; notes?: string | undefined; }'.
      Type 'FieldValues' is missing the following properties from type '{ name: string; primary_muscle_group: string; equipment_type: string; is_unilateral: boolean; notes?: string | undefined; }': name, primary_muscle_group, equipment_type, is_unilateral
